<?xml version="1.0" encoding="UTF-8"?>
<!DOCTYPE BMECAT SYSTEM "bmecat_new_catalog.dtd">
<BMECAT xmlns="http://www.bmecat.org/bmecat/1.2/bmecat_new_catalog" version="1.2">
  <HEADER>
    <GENERATOR_INFO>BMEcat Generator</GENERATOR_INFO>
    <CATALOG>
      <LANGUAGE>deu</LANGUAGE>
      <CATALOG_ID>CAT1</CATALOG_ID>
      <CATALOG_VERSION>1.0</CATALOG_VERSION>
      <CATALOG_NAME>Katalogbezeichnung</CATALOG_NAME>
      <DATETIME type="generation_date">
        <DATE>2000-10-24</DATE>
        <TIME>20:38:00</TIME>
        <TIMEZONE>Z</TIMEZONE>
      </DATETIME>
      <TERRITORY>DE</TERRITORY>
      <TERRITORY>AT</TERRITORY>
      <CURRENCY>EUR</CURRENCY>
      <MIME_ROOT>https://example.com/images</MIME_ROOT>
      <PRICE_FLAG type="incl_packing">true</PRICE_FLAG>
    </CATALOG>
    <BUYER>
      <BUYER_ID type="buyer">BUYCO</BUYER_ID>
      <BUYER_NAME>BuyCo Inc.</BUYER_NAME>
    </BUYER>
    <AGREEMENT>
      <AGREEMENT_ID>23/97</AGREEMENT_ID>
      <DATETIME type="agreement_start_date">
        <DATE>1999-03-17</DATE>
        <TIME>00:00:00</TIME>
        <TIMEZONE>Z</TIMEZONE>
      </DATETIME>
      <DATETIME type="agreement_start_date">
        <DATE>2002-05-31</DATE>
        <TIME>00:00:00</TIME>
        <TIMEZONE>Z</TIMEZONE>
      </DATETIME>
    </AGREEMENT>
    <SUPPLIER>
      <SUPPLIER_ID type="supplier">SUPPLYCO</SUPPLIER_ID>
      <SUPPLIER_NAME>SupplyCo Ltd.</SUPPLIER_NAME>
      <ADDRESS type="supplier">
        <CITY>London</CITY>
      </ADDRESS>
      <MIME_INFO>
        <MIME>
          <MIME_TYPE>image/jpeg</MIME_TYPE>
          <MIME_SOURCE>supplier_logo.jpg</MIME_SOURCE>
          <MIME_PURPOSE>logo</MIME_PURPOSE>
        </MIME>
      </MIME_INFO>
    </SUPPLIER>
    <USER_DEFINED_EXTENSIONS>
      <UDX.SYSTEM.CUSTOM_FIELD1>A</UDX.SYSTEM.CUSTOM_FIELD1>
      <UDX.SYSTEM.CUSTOM_FIELD3>C</UDX.SYSTEM.CUSTOM_FIELD3>
      <UDX.WALLMEDIEN.PROPERTIES><UDX.WALLMEDIEN.PROPERTY><UDX.WALLMEDIEN.PROPERTY.NAME>EXTCONFIGFORM</UDX.WALLMEDIEN.PROPERTY.NAME><UDX.WALLMEDIEN.PROPERTY.VALUE>ADV_Relevanz</UDX.WALLMEDIEN.PROPERTY.VALUE></UDX.WALLMEDIEN.PROPERTY></UDX.WALLMEDIEN.PROPERTIES>
    </USER_DEFINED_EXTENSIONS>
  </HEADER>
  <T_NEW_CATALOG>
    <CLASSIFICATION_SYSTEM>
      <CLASSIFICATION_SYSTEM_NAME>udf_Supplier-1.0</CLASSIFICATION_SYSTEM_NAME>
      <CLASSIFICATION_SYSTEM_FULLNAME>SupplyCo Ltd.</CLASSIFICATION_SYSTEM_FULLNAME>
      <CLASSIFICATION_GROUPS>
        <CLASSIFICATION_GROUP type="node">
          <CLASSIFICATION_GROUP_ID>1</CLASSIFICATION_GROUP_ID>
          <CLASSIFICATION_GROUP_NAME>Hardware</CLASSIFICATION_GROUP_NAME>
        </CLASSIFICATION_GROUP>
        <CLASSIFICATION_GROUP type="node">
          <CLASSIFICATION_GROUP_ID>2</CLASSIFICATION_GROUP_ID>
          <CLASSIFICATION_GROUP_NAME>Notebook</CLASSIFICATION_GROUP_NAME>
          <CLASSIFICATION_GROUP_PARENT_ID>1</CLASSIFICATION_GROUP_PARENT_ID>
        </CLASSIFICATION_GROUP>
        <CLASSIFICATION_GROUP type="node">
          <CLASSIFICATION_GROUP_ID>3</CLASSIFICATION_GROUP_ID>
          <CLASSIFICATION_GROUP_NAME>Desktop</CLASSIFICATION_GROUP_NAME>
          <CLASSIFICATION_GROUP_PARENT_ID>1</CLASSIFICATION_GROUP_PARENT_ID>
        </CLASSIFICATION_GROUP>
        <CLASSIFICATION_GROUP type="leaf">
          <CLASSIFICATION_GROUP_ID>4</CLASSIFICATION_GROUP_ID>
          <CLASSIFICATION_GROUP_NAME>PC</CLASSIFICATION_GROUP_NAME>
          <CLASSIFICATION_GROUP_PARENT_ID>2</CLASSIFICATION_GROUP_PARENT_ID>
        </CLASSIFICATION_GROUP>
        <CLASSIFICATION_GROUP type="leaf">
          <CLASSIFICATION_GROUP_ID>5</CLASSIFICATION_GROUP_ID>
          <CLASSIFICATION_GROUP_NAME>Mac</CLASSIFICATION_GROUP_NAME>
          <CLASSIFICATION_GROUP_PARENT_ID>2</CLASSIFICATION_GROUP_PARENT_ID>
        </CLASSIFICATION_GROUP>
      </CLASSIFICATION_GROUPS>
    </CLASSIFICATION_SYSTEM>
    <CATALOG_GROUP_SYSTEM>
      <GROUP_SYSTEM_ID>1</GROUP_SYSTEM_ID>
      <GROUP_SYSTEM_NAME>Generator 3.0 Group System</GROUP_SYSTEM_NAME>
      <CATALOG_STRUCTURE type="root">
        <GROUP_ID>1</GROUP_ID>
        <GROUP_NAME>Katalog</GROUP_NAME>
        <PARENT_ID>0</PARENT_ID>
        <GROUP_ORDER>1</GROUP_ORDER>
      </CATALOG_STRUCTURE>
      <CATALOG_STRUCTURE type="node">
        <GROUP_ID>2</GROUP_ID>
        <GROUP_NAME>main category 1</GROUP_NAME>
        <PARENT_ID>1</PARENT_ID>
        <GROUP_ORDER>2</GROUP_ORDER>
        <MIME_INFO>
          <MIME>
            <MIME_TYPE>image/jpeg</MIME_TYPE>
            <MIME_SOURCE>2.jpg</MIME_SOURCE>
          </MIME>
        </MIME_INFO>
      </CATALOG_STRUCTURE>
      <CATALOG_STRUCTURE type="node">
        <GROUP_ID>3</GROUP_ID>
        <GROUP_NAME>main category 2</GROUP_NAME>
        <PARENT_ID>1</PARENT_ID>
        <GROUP_ORDER>3</GROUP_ORDER>
        <MIME_INFO>
          <MIME>
            <MIME_TYPE>image/jpeg</MIME_TYPE>
            <MIME_SOURCE>3.jpg</MIME_SOURCE>
          </MIME>
        </MIME_INFO>
      </CATALOG_STRUCTURE>
      <CATALOG_STRUCTURE type="leaf">
        <GROUP_ID>4</GROUP_ID>
        <GROUP_NAME>item category 1</GROUP_NAME>
        <PARENT_ID>2</PARENT_ID>
        <GROUP_ORDER>4</GROUP_ORDER>
        <MIME_INFO>
          <MIME>
            <MIME_TYPE>image/jpeg</MIME_TYPE>
            <MIME_SOURCE>4.jpg</MIME_SOURCE>
          </MIME>
        </MIME_INFO>
      </CATALOG_STRUCTURE>
      <CATALOG_STRUCTURE type="leaf">
        <GROUP_ID>5</GROUP_ID>
        <GROUP_NAME>item category 2</GROUP_NAME>
        <PARENT_ID>2</PARENT_ID>
        <GROUP_ORDER>5</GROUP_ORDER>
        <MIME_INFO>
          <MIME>
            <MIME_TYPE>image/jpeg</MIME_TYPE>
            <MIME_SOURCE>5.jpg</MIME_SOURCE>
          </MIME>
        </MIME_INFO>
      </CATALOG_STRUCTURE>
      <CATALOG_STRUCTURE type="leaf">
        <GROUP_ID>6</GROUP_ID>
        <GROUP_NAME>item category 3</GROUP_NAME>
        <PARENT_ID>2</PARENT_ID>
        <GROUP_ORDER>6</GROUP_ORDER>
        <MIME_INFO>
          <MIME>
            <MIME_TYPE>image/jpeg</MIME_TYPE>
            <MIME_SOURCE>6.jpg</MIME_SOURCE>
          </MIME>
        </MIME_INFO>
      </CATALOG_STRUCTURE>
    </CATALOG_GROUP_SYSTEM>
    <ARTICLE>
      <SUPPLIER_AID>1000</SUPPLIER_AID>
      <ARTICLE_DETAILS>
        <DESCRIPTION_SHORT>Apple MacBook Pro 13&#34;</DESCRIPTION_SHORT>
        <DESCRIPTION_LONG>Das Kraftpaket unter den Notebooks.</DESCRIPTION_LONG>
        <EAN>8712670911213</EAN>
        <SUPPLIER_ALT_AID>ALT-1000</SUPPLIER_ALT_AID>
        <BUYER_AID type="KMF">78787</BUYER_AID>
        <MANUFACTURER_AID>MPN</MANUFACTURER_AID>
        <MANUFACTURER_NAME>Microsoft</MANUFACTURER_NAME>
        <DELIVERY_TIME>1.5</DELIVERY_TIME>
        <SPECIAL_TREATMENT_CLASS type="GGVS">1201</SPECIAL_TREATMENT_CLASS>
        <KEYWORD>Notebook</KEYWORD>
        <KEYWORD>Hardware</KEYWORD>
        <REMARKS>Noch heute bestellen!</REMARKS>
        <ARTICLE_STATUS type="core_article">Kernsortiment</ARTICLE_STATUS>
      </ARTICLE_DETAILS>
      <ARTICLE_FEATURES>
        <REFERENCE_FEATURE_SYSTEM_NAME>ECLASS-5.1</REFERENCE_FEATURE_SYSTEM_NAME>
        <REFERENCE_FEATURE_GROUP_ID>19010203</REFERENCE_FEATURE_GROUP_ID>
        <FEATURE>
          <FNAME>Netzspannung</FNAME>
          <FVALUE>110</FVALUE>
          <FVALUE>220</FVALUE>
          <FUNIT>VLT</FUNIT>
        </FEATURE>
      </ARTICLE_FEATURES>
      <ARTICLE_FEATURES>
        <REFERENCE_FEATURE_SYSTEM_NAME>udf_Supplier-1.0</REFERENCE_FEATURE_SYSTEM_NAME>
        <REFERENCE_FEATURE_GROUP_ID>5</REFERENCE_FEATURE_GROUP_ID>
      </ARTICLE_FEATURES>
      <ARTICLE_ORDER_DETAILS>
        <ORDER_UNIT>BOX</ORDER_UNIT>
        <CONTENT_UNIT>PCE</CONTENT_UNIT>
        <NO_CU_PER_OU>6</NO_CU_PER_OU>
        <PRICE_QUANTITY>1</PRICE_QUANTITY>
        <QUANTITY_MIN>1</QUANTITY_MIN>
      </ARTICLE_ORDER_DETAILS>
      <ARTICLE_PRICE_DETAILS>
        <DATETIME type="valid_start_date">
          <DATE>2001-01-01</DATE>
          <TIME>00:00:00</TIME>
          <TIMEZONE>Z</TIMEZONE>
        </DATETIME>
        <DATETIME type="valid_end_date">
          <DATE>2001-07-31</DATE>
          <TIME>00:00:00</TIME>
          <TIMEZONE>Z</TIMEZONE>
        </DATETIME>
        <ARTICLE_PRICE price_type="net_customer">
          <PRICE_AMOUNT>1499.5</PRICE_AMOUNT>
          <PRICE_CURRENCY>EUR</PRICE_CURRENCY>
          <TAX>0.19</TAX>
          <PRICE_FACTOR>1</PRICE_FACTOR>
          <LOWER_BOUND>1</LOWER_BOUND>
          <TERRITORY>DE</TERRITORY>
          <TERRITORY>AT</TERRITORY>
        </ARTICLE_PRICE>
        <ARTICLE_PRICE price_type="net_customer">
          <PRICE_AMOUNT>1300.9</PRICE_AMOUNT>
          <PRICE_CURRENCY>EUR</PRICE_CURRENCY>
          <TAX>0.19</TAX>
          <PRICE_FACTOR>1</PRICE_FACTOR>
          <LOWER_BOUND>100</LOWER_BOUND>
          <TERRITORY>DE</TERRITORY>
          <TERRITORY>AT</TERRITORY>
        </ARTICLE_PRICE>
      </ARTICLE_PRICE_DETAILS>
      <MIME_INFO>
        <MIME>
          <MIME_TYPE>image/jpeg</MIME_TYPE>
          <MIME_SOURCE>55-K-31.jpg</MIME_SOURCE>
          <MIME_DESCR>Frontansicht des Notebooks</MIME_DESCR>
          <MIME_PURPOSE>normal</MIME_PURPOSE>
        </MIME>
      </MIME_INFO>
      <ARTICLE_REFERENCE type="similar">
        <ART_ID_TO>2000</ART_ID_TO>
      </ARTICLE_REFERENCE>
    </ARTICLE>
  </T_NEW_CATALOG>
</BMECAT>
